../my_drivers/Src/astronode_application.c:98:6:astronode_send_cfg_fr	416	static
../my_drivers/Src/astronode_application.c:118:6:astronode_send_cfg_rr	512	static
../my_drivers/Src/astronode_application.c:230:6:astronode_send_cfg_sr	416	static
../my_drivers/Src/astronode_application.c:249:6:astronode_send_cfg_wr	432	static
../my_drivers/Src/astronode_application.c:290:6:astronode_send_ctx_sr	416	static
../my_drivers/Src/astronode_application.c:309:6:astronode_send_mgi_rr	456	dynamic
../my_drivers/Src/astronode_application.c:332:6:astronode_send_msn_rr	456	dynamic
../my_drivers/Src/astronode_application.c:355:10:astronode_send_nco_rr	504	static
../my_drivers/Src/astronode_application.c:383:6:astronode_send_evt_rr	416	static
../my_drivers/Src/astronode_application.c:419:6:astronode_send_geo_wr	432	static
../my_drivers/Src/astronode_application.c:449:6:astronode_send_pld_dr	496	static
../my_drivers/Src/astronode_application.c:472:6:astronode_send_pld_er	520	static
../my_drivers/Src/astronode_application.c:502:6:astronode_send_pld_fr	416	static
../my_drivers/Src/astronode_application.c:522:6:astronode_send_res_cr	416	static
../my_drivers/Src/astronode_application.c:543:10:astronode_send_rtc_rr	504	static
../my_drivers/Src/astronode_application.c:571:6:astronode_send_sak_rr	496	static
../my_drivers/Src/astronode_application.c:594:6:astronode_send_sak_cr	416	static
../my_drivers/Src/astronode_application.c:615:6:astronode_send_ssc_wr	424	static
../my_drivers/Src/astronode_application.c:640:6:astronode_send_wif_wr	432	static
../my_drivers/Src/astronode_application.c:669:6:astronode_send_mpn_rr	456	dynamic
../my_drivers/Src/astronode_application.c:692:6:append_multiple_data_size_to_string	24	static
../my_drivers/Src/astronode_application.c:710:6:astronode_send_per_rr	504	static
../my_drivers/Src/astronode_application.c:789:6:astronode_send_per_cr	416	static
../my_drivers/Src/astronode_application.c:809:6:astronode_send_mst_rr	504	static
../my_drivers/Src/astronode_application.c:858:6:astronode_send_lcd_rr	504	static
../my_drivers/Src/astronode_application.c:907:6:astronode_send_end_rr	504	static
../my_drivers/Src/astronode_application.c:953:6:astronode_send_cmd_cr	416	static
../my_drivers/Src/astronode_application.c:974:6:astronode_send_cmd_rr	552	dynamic
../my_drivers/Src/astronode_application.c:1027:6:astronode_send_val_wr	504	static
../my_drivers/Src/astronode_application.c:1050:6:astronode_send_adc_rr	504	static
../my_drivers/Src/astronode_application.c:1074:6:is_sak_available	8	static
../my_drivers/Src/astronode_application.c:1079:6:is_astronode_reset	8	static
../my_drivers/Src/astronode_application.c:1084:6:is_command_available	8	static
../my_drivers/Src/astronode_application.c:1089:6:is_tx_msg_pending	8	static
